[  2%] Built target project2_interfaces__rs
[  5%] Built target project2_interfaces__rosidl_generator_type_description
[  5%] Built target ament_cmake_python_symlink_project2_interfaces
[  8%] Built target project2_interfaces__cpp
[ 22%] Built target project2_interfaces__rosidl_generator_c
[ 37%] Built target project2_interfaces__rosidl_typesupport_cpp
[ 40%] Built target project2_interfaces__rosidl_typesupport_introspection_c
[ 48%] Built target project2_interfaces__rosidl_typesupport_fastrtps_c
[ 65%] Built target project2_interfaces__rosidl_typesupport_fastrtps_cpp
[ 65%] Built target project2_interfaces__rosidl_typesupport_introspection_cpp
[ 74%] Built target project2_interfaces__rosidl_typesupport_c
[ 74%] Built target project2_interfaces
[ 77%] Built target project2_interfaces__py
[ 82%] Built target project2_interfaces__rosidl_generator_py
[ 88%] Built target project2_interfaces_s__rosidl_typesupport_introspection_c
[ 94%] Built target project2_interfaces_s__rosidl_typesupport_c
[100%] Built target project2_interfaces_s__rosidl_typesupport_fastrtps_c
running egg_info
writing project2_interfaces.egg-info/PKG-INFO
writing dependency_links to project2_interfaces.egg-info/dependency_links.txt
writing top-level names to project2_interfaces.egg-info/top_level.txt
reading manifest file 'project2_interfaces.egg-info/SOURCES.txt'
writing manifest file 'project2_interfaces.egg-info/SOURCES.txt'
[100%] Built target ament_cmake_python_build_project2_interfaces_egg
-- Install configuration: ""
-- Execute custom install script
-- Up-to-date symlink: /home/ju/team2/gong_ws/install/project2_interfaces/share/ament_index/resource_index/rosidl_interfaces/project2_interfaces
-- Up-to-date symlink: /home/ju/team2/gong_ws/install/project2_interfaces/share/project2_interfaces/action/PlacePiece.json
-- Up-to-date symlink: /home/ju/team2/gong_ws/install/project2_interfaces/include/project2_interfaces/project2_interfaces/action/detail/place_piece__functions.h
-- Up-to-date symlink: /home/ju/team2/gong_ws/install/project2_interfaces/include/project2_interfaces/project2_interfaces/action/detail/place_piece__struct.h
-- Up-to-date symlink: /home/ju/team2/gong_ws/install/project2_interfaces/include/project2_interfaces/project2_interfaces/action/detail/place_piece__type_support.h
-- Up-to-date symlink: /home/ju/team2/gong_ws/install/project2_interfaces/include/project2_interfaces/project2_interfaces/action/place_piece.h
-- Up-to-date symlink: /home/ju/team2/gong_ws/install/project2_interfaces/include/project2_interfaces/project2_interfaces/msg/rosidl_generator_c__visibility_control.h
-- Up-to-date symlink: /home/ju/team2/gong_ws/install/project2_interfaces/share/project2_interfaces/environment/library_path.sh
-- Up-to-date symlink: /home/ju/team2/gong_ws/install/project2_interfaces/share/project2_interfaces/environment/library_path.dsv
-- Up-to-date symlink: /home/ju/team2/gong_ws/install/project2_interfaces/include/project2_interfaces/project2_interfaces/action/detail/place_piece__rosidl_typesupport_fastrtps_c.h
-- Up-to-date symlink: /home/ju/team2/gong_ws/install/project2_interfaces/include/project2_interfaces/project2_interfaces/msg/rosidl_typesupport_fastrtps_c__visibility_control.h
-- Up-to-date symlink: /home/ju/team2/gong_ws/install/project2_interfaces/include/project2_interfaces/project2_interfaces/action/detail/place_piece__rosidl_typesupport_introspection_c.h
-- Up-to-date symlink: /home/ju/team2/gong_ws/install/project2_interfaces/include/project2_interfaces/project2_interfaces/msg/rosidl_typesupport_introspection_c__visibility_control.h
-- Up-to-date symlink: /home/ju/team2/gong_ws/install/project2_interfaces/include/project2_interfaces/project2_interfaces/action/detail/place_piece__builder.hpp
-- Up-to-date symlink: /home/ju/team2/gong_ws/install/project2_interfaces/include/project2_interfaces/project2_interfaces/action/detail/place_piece__struct.hpp
-- Up-to-date symlink: /home/ju/team2/gong_ws/install/project2_interfaces/include/project2_interfaces/project2_interfaces/action/detail/place_piece__traits.hpp
-- Up-to-date symlink: /home/ju/team2/gong_ws/install/project2_interfaces/include/project2_interfaces/project2_interfaces/action/detail/place_piece__type_support.hpp
-- Up-to-date symlink: /home/ju/team2/gong_ws/install/project2_interfaces/include/project2_interfaces/project2_interfaces/action/place_piece.hpp
-- Up-to-date symlink: /home/ju/team2/gong_ws/install/project2_interfaces/include/project2_interfaces/project2_interfaces/msg/rosidl_generator_cpp__visibility_control.hpp
-- Up-to-date symlink: /home/ju/team2/gong_ws/install/project2_interfaces/include/project2_interfaces/project2_interfaces/action/detail/place_piece__rosidl_typesupport_fastrtps_cpp.hpp
-- Up-to-date symlink: /home/ju/team2/gong_ws/install/project2_interfaces/include/project2_interfaces/project2_interfaces/msg/rosidl_typesupport_fastrtps_cpp__visibility_control.h
-- Up-to-date symlink: /home/ju/team2/gong_ws/install/project2_interfaces/include/project2_interfaces/project2_interfaces/action/detail/place_piece__rosidl_typesupport_introspection_cpp.hpp
-- Up-to-date symlink: /home/ju/team2/gong_ws/install/project2_interfaces/share/project2_interfaces/environment/pythonpath.sh
-- Up-to-date symlink: /home/ju/team2/gong_ws/install/project2_interfaces/share/project2_interfaces/environment/pythonpath.dsv
-- Up-to-date symlink: /home/ju/team2/gong_ws/install/project2_interfaces/lib/python3.12/site-packages/project2_interfaces-0.1.0-py3.12.egg-info/PKG-INFO
-- Up-to-date symlink: /home/ju/team2/gong_ws/install/project2_interfaces/lib/python3.12/site-packages/project2_interfaces-0.1.0-py3.12.egg-info/SOURCES.txt
-- Up-to-date symlink: /home/ju/team2/gong_ws/install/project2_interfaces/lib/python3.12/site-packages/project2_interfaces-0.1.0-py3.12.egg-info/dependency_links.txt
-- Up-to-date symlink: /home/ju/team2/gong_ws/install/project2_interfaces/lib/python3.12/site-packages/project2_interfaces-0.1.0-py3.12.egg-info/top_level.txt
-- Up-to-date symlink: /home/ju/team2/gong_ws/install/project2_interfaces/lib/python3.12/site-packages/project2_interfaces/__init__.py
-- Up-to-date symlink: /home/ju/team2/gong_ws/install/project2_interfaces/lib/python3.12/site-packages/project2_interfaces/_project2_interfaces_s.ep.rosidl_typesupport_c.c
-- Up-to-date symlink: /home/ju/team2/gong_ws/install/project2_interfaces/lib/python3.12/site-packages/project2_interfaces/_project2_interfaces_s.ep.rosidl_typesupport_fastrtps_c.c
-- Up-to-date symlink: /home/ju/team2/gong_ws/install/project2_interfaces/lib/python3.12/site-packages/project2_interfaces/_project2_interfaces_s.ep.rosidl_typesupport_introspection_c.c
-- Up-to-date symlink: /home/ju/team2/gong_ws/install/project2_interfaces/lib/python3.12/site-packages/project2_interfaces/action/__init__.py
-- Up-to-date symlink: /home/ju/team2/gong_ws/install/project2_interfaces/lib/python3.12/site-packages/project2_interfaces/action/_place_piece.py
-- Up-to-date symlink: /home/ju/team2/gong_ws/install/project2_interfaces/lib/python3.12/site-packages/project2_interfaces/action/_place_piece_s.c
-- Up-to-date symlink: /home/ju/team2/gong_ws/install/project2_interfaces/lib/python3.12/site-packages/project2_interfaces/project2_interfaces_s__rosidl_typesupport_c.so
-- Up-to-date symlink: /home/ju/team2/gong_ws/install/project2_interfaces/lib/python3.12/site-packages/project2_interfaces/project2_interfaces_s__rosidl_typesupport_fastrtps_c.so
-- Up-to-date symlink: /home/ju/team2/gong_ws/install/project2_interfaces/lib/python3.12/site-packages/project2_interfaces/project2_interfaces_s__rosidl_typesupport_introspection_c.so
-- Up-to-date symlink: /home/ju/team2/gong_ws/install/project2_interfaces/lib/python3.12/site-packages/project2_interfaces/project2_interfaces_s__rosidl_typesupport_fastrtps_c.so
-- Up-to-date symlink: /home/ju/team2/gong_ws/install/project2_interfaces/lib/python3.12/site-packages/project2_interfaces/project2_interfaces_s__rosidl_typesupport_introspection_c.so
-- Up-to-date symlink: /home/ju/team2/gong_ws/install/project2_interfaces/lib/python3.12/site-packages/project2_interfaces/project2_interfaces_s__rosidl_typesupport_c.so
-- Up-to-date symlink: /home/ju/team2/gong_ws/install/project2_interfaces/share/ament_index/resource_index/rust_packages/project2_interfaces
-- Up-to-date symlink: /home/ju/team2/gong_ws/install/project2_interfaces/share/project2_interfaces/rust/Cargo.toml
-- Up-to-date symlink: /home/ju/team2/gong_ws/install/project2_interfaces/share/project2_interfaces/rust/build.rs
-- Up-to-date symlink: /home/ju/team2/gong_ws/install/project2_interfaces/share/project2_interfaces/rust/src/action.rs
-- Up-to-date symlink: /home/ju/team2/gong_ws/install/project2_interfaces/share/project2_interfaces/rust/src/action/rmw.rs
-- Up-to-date symlink: /home/ju/team2/gong_ws/install/project2_interfaces/share/project2_interfaces/rust/src/lib.rs
-- Up-to-date symlink: /home/ju/team2/gong_ws/install/project2_interfaces/share/project2_interfaces/action/PlacePiece.idl
-- Up-to-date symlink: /home/ju/team2/gong_ws/install/project2_interfaces/share/project2_interfaces/action/PlacePiece.action
-- Up-to-date symlink: /home/ju/team2/gong_ws/install/project2_interfaces/share/ament_index/resource_index/package_run_dependencies/project2_interfaces
-- Up-to-date symlink: /home/ju/team2/gong_ws/install/project2_interfaces/share/ament_index/resource_index/parent_prefix_path/project2_interfaces
-- Up-to-date symlink: /home/ju/team2/gong_ws/install/project2_interfaces/share/project2_interfaces/environment/ament_prefix_path.sh
-- Up-to-date symlink: /home/ju/team2/gong_ws/install/project2_interfaces/share/project2_interfaces/environment/ament_prefix_path.dsv
-- Up-to-date symlink: /home/ju/team2/gong_ws/install/project2_interfaces/share/project2_interfaces/environment/path.sh
-- Up-to-date symlink: /home/ju/team2/gong_ws/install/project2_interfaces/share/project2_interfaces/environment/path.dsv
-- Up-to-date symlink: /home/ju/team2/gong_ws/install/project2_interfaces/share/project2_interfaces/local_setup.bash
-- Up-to-date symlink: /home/ju/team2/gong_ws/install/project2_interfaces/share/project2_interfaces/local_setup.sh
-- Up-to-date symlink: /home/ju/team2/gong_ws/install/project2_interfaces/share/project2_interfaces/local_setup.zsh
-- Up-to-date symlink: /home/ju/team2/gong_ws/install/project2_interfaces/share/project2_interfaces/local_setup.dsv
-- Symlinking: /home/ju/team2/gong_ws/install/project2_interfaces/share/project2_interfaces/package.dsv
-- Up-to-date symlink: /home/ju/team2/gong_ws/install/project2_interfaces/share/ament_index/resource_index/packages/project2_interfaces
-- Up-to-date symlink: /home/ju/team2/gong_ws/install/project2_interfaces/share/project2_interfaces/cmake/rosidl_cmake-extras.cmake
-- Up-to-date symlink: /home/ju/team2/gong_ws/install/project2_interfaces/share/project2_interfaces/cmake/ament_cmake_export_dependencies-extras.cmake
-- Up-to-date symlink: /home/ju/team2/gong_ws/install/project2_interfaces/share/project2_interfaces/cmake/ament_cmake_export_include_directories-extras.cmake
-- Up-to-date symlink: /home/ju/team2/gong_ws/install/project2_interfaces/share/project2_interfaces/cmake/ament_cmake_export_libraries-extras.cmake
-- Up-to-date symlink: /home/ju/team2/gong_ws/install/project2_interfaces/share/project2_interfaces/cmake/ament_cmake_export_targets-extras.cmake
-- Up-to-date symlink: /home/ju/team2/gong_ws/install/project2_interfaces/share/project2_interfaces/cmake/rosidl_cmake_export_typesupport_targets-extras.cmake
-- Up-to-date symlink: /home/ju/team2/gong_ws/install/project2_interfaces/share/project2_interfaces/cmake/rosidl_cmake_export_typesupport_libraries-extras.cmake
-- Up-to-date symlink: /home/ju/team2/gong_ws/install/project2_interfaces/share/project2_interfaces/cmake/rosidl_cmake_aggregate_target-extras.cmake
-- Up-to-date symlink: /home/ju/team2/gong_ws/install/project2_interfaces/share/project2_interfaces/cmake/project2_interfacesConfig.cmake
-- Up-to-date symlink: /home/ju/team2/gong_ws/install/project2_interfaces/share/project2_interfaces/cmake/project2_interfacesConfig-version.cmake
-- Up-to-date symlink: /home/ju/team2/gong_ws/install/project2_interfaces/share/project2_interfaces/package.xml
-- Up-to-date: /home/ju/team2/gong_ws/install/project2_interfaces/lib/libproject2_interfaces__rosidl_generator_c.so
-- Up-to-date: /home/ju/team2/gong_ws/install/project2_interfaces/lib/libproject2_interfaces__rosidl_typesupport_fastrtps_c.so
-- Up-to-date: /home/ju/team2/gong_ws/install/project2_interfaces/lib/libproject2_interfaces__rosidl_typesupport_introspection_c.so
-- Up-to-date: /home/ju/team2/gong_ws/install/project2_interfaces/lib/libproject2_interfaces__rosidl_typesupport_c.so
-- Up-to-date: /home/ju/team2/gong_ws/install/project2_interfaces/lib/libproject2_interfaces__rosidl_typesupport_fastrtps_cpp.so
-- Up-to-date: /home/ju/team2/gong_ws/install/project2_interfaces/lib/libproject2_interfaces__rosidl_typesupport_introspection_cpp.so
-- Up-to-date: /home/ju/team2/gong_ws/install/project2_interfaces/lib/libproject2_interfaces__rosidl_typesupport_cpp.so
Listing '/home/ju/team2/gong_ws/install/project2_interfaces/lib/python3.12/site-packages/project2_interfaces'...
Listing '/home/ju/team2/gong_ws/install/project2_interfaces/lib/python3.12/site-packages/project2_interfaces/action'...
-- Up-to-date: /home/ju/team2/gong_ws/install/project2_interfaces/lib/libproject2_interfaces__rosidl_generator_py.so
-- Up-to-date: /home/ju/team2/gong_ws/install/project2_interfaces/share/project2_interfaces/cmake/export_project2_interfaces__rosidl_generator_cExport.cmake
-- Up-to-date: /home/ju/team2/gong_ws/install/project2_interfaces/share/project2_interfaces/cmake/export_project2_interfaces__rosidl_generator_cExport-noconfig.cmake
-- Up-to-date: /home/ju/team2/gong_ws/install/project2_interfaces/share/project2_interfaces/cmake/export_project2_interfaces__rosidl_typesupport_fastrtps_cExport.cmake
-- Up-to-date: /home/ju/team2/gong_ws/install/project2_interfaces/share/project2_interfaces/cmake/export_project2_interfaces__rosidl_typesupport_fastrtps_cExport-noconfig.cmake
-- Up-to-date: /home/ju/team2/gong_ws/install/project2_interfaces/share/project2_interfaces/cmake/project2_interfaces__rosidl_typesupport_introspection_cExport.cmake
-- Up-to-date: /home/ju/team2/gong_ws/install/project2_interfaces/share/project2_interfaces/cmake/project2_interfaces__rosidl_typesupport_introspection_cExport-noconfig.cmake
-- Up-to-date: /home/ju/team2/gong_ws/install/project2_interfaces/share/project2_interfaces/cmake/project2_interfaces__rosidl_typesupport_cExport.cmake
-- Up-to-date: /home/ju/team2/gong_ws/install/project2_interfaces/share/project2_interfaces/cmake/project2_interfaces__rosidl_typesupport_cExport-noconfig.cmake
-- Up-to-date: /home/ju/team2/gong_ws/install/project2_interfaces/share/project2_interfaces/cmake/export_project2_interfaces__rosidl_generator_cppExport.cmake
-- Up-to-date: /home/ju/team2/gong_ws/install/project2_interfaces/share/project2_interfaces/cmake/export_project2_interfaces__rosidl_typesupport_fastrtps_cppExport.cmake
-- Up-to-date: /home/ju/team2/gong_ws/install/project2_interfaces/share/project2_interfaces/cmake/export_project2_interfaces__rosidl_typesupport_fastrtps_cppExport-noconfig.cmake
-- Up-to-date: /home/ju/team2/gong_ws/install/project2_interfaces/share/project2_interfaces/cmake/project2_interfaces__rosidl_typesupport_introspection_cppExport.cmake
-- Up-to-date: /home/ju/team2/gong_ws/install/project2_interfaces/share/project2_interfaces/cmake/project2_interfaces__rosidl_typesupport_introspection_cppExport-noconfig.cmake
-- Up-to-date: /home/ju/team2/gong_ws/install/project2_interfaces/share/project2_interfaces/cmake/project2_interfaces__rosidl_typesupport_cppExport.cmake
-- Up-to-date: /home/ju/team2/gong_ws/install/project2_interfaces/share/project2_interfaces/cmake/project2_interfaces__rosidl_typesupport_cppExport-noconfig.cmake
-- Up-to-date: /home/ju/team2/gong_ws/install/project2_interfaces/share/project2_interfaces/cmake/export_project2_interfaces__rosidl_generator_pyExport.cmake
-- Up-to-date: /home/ju/team2/gong_ws/install/project2_interfaces/share/project2_interfaces/cmake/export_project2_interfaces__rosidl_generator_pyExport-noconfig.cmake
