[0.015s] Invoking command in '/home/ju/team2/gong_ws/build/project2_interfaces': CMAKE_PREFIX_PATH=${CMAKE_PREFIX_PATH}:/home/ju/kong_manipulator2026/open_manipulator_ws/install/open_manipulator_teleop:/home/ju/kong_manipulator2026/open_manipulator_ws/install/open_manipulator_bringup:/home/ju/kong_manipulator2026/kong_ws/install/kong_basic:/home/ju/kong_manipulator2026/kong_ws/install/tf2_basic:/home/ju/kong_manipulator2026/kong_ws/install/pcb_quality_control:/home/ju/kong_manipulator2026/kong_ws/install/camera_opencv:/opt/ros/jazzy /usr/bin/cmake --build /home/ju/team2/gong_ws/build/project2_interfaces -- -j14 -l14
[0.098s] [  2%] Built target project2_interfaces__rs
[0.101s] [  5%] Built target project2_interfaces__rosidl_generator_type_description
[0.107s] [  5%] Built target ament_cmake_python_symlink_project2_interfaces
[0.123s] [  8%] Built target project2_interfaces__cpp
[0.126s] [ 22%] Built target project2_interfaces__rosidl_generator_c
[0.156s] [ 37%] Built target project2_interfaces__rosidl_typesupport_cpp
[0.156s] [ 40%] Built target project2_interfaces__rosidl_typesupport_introspection_c
[0.157s] [ 48%] Built target project2_interfaces__rosidl_typesupport_fastrtps_c
[0.158s] [ 65%] Built target project2_interfaces__rosidl_typesupport_fastrtps_cpp
[0.158s] [ 65%] Built target project2_interfaces__rosidl_typesupport_introspection_cpp
[0.159s] [ 74%] Built target project2_interfaces__rosidl_typesupport_c
[0.176s] [ 74%] Built target project2_interfaces
[0.194s] [ 77%] Built target project2_interfaces__py
[0.218s] [ 82%] Built target project2_interfaces__rosidl_generator_py
[0.240s] [ 88%] Built target project2_interfaces_s__rosidl_typesupport_introspection_c
[0.241s] [ 94%] Built target project2_interfaces_s__rosidl_typesupport_c
[0.243s] [100%] Built target project2_interfaces_s__rosidl_typesupport_fastrtps_c
[0.307s] running egg_info
[0.321s] writing project2_interfaces.egg-info/PKG-INFO
[0.321s] writing dependency_links to project2_interfaces.egg-info/dependency_links.txt
[0.321s] writing top-level names to project2_interfaces.egg-info/top_level.txt
[0.357s] reading manifest file 'project2_interfaces.egg-info/SOURCES.txt'
[0.358s] writing manifest file 'project2_interfaces.egg-info/SOURCES.txt'
[0.381s] [100%] Built target ament_cmake_python_build_project2_interfaces_egg
[0.391s] Invoked command in '/home/ju/team2/gong_ws/build/project2_interfaces' returned '0': CMAKE_PREFIX_PATH=${CMAKE_PREFIX_PATH}:/home/ju/kong_manipulator2026/open_manipulator_ws/install/open_manipulator_teleop:/home/ju/kong_manipulator2026/open_manipulator_ws/install/open_manipulator_bringup:/home/ju/kong_manipulator2026/kong_ws/install/kong_basic:/home/ju/kong_manipulator2026/kong_ws/install/tf2_basic:/home/ju/kong_manipulator2026/kong_ws/install/pcb_quality_control:/home/ju/kong_manipulator2026/kong_ws/install/camera_opencv:/opt/ros/jazzy /usr/bin/cmake --build /home/ju/team2/gong_ws/build/project2_interfaces -- -j14 -l14
[0.400s] Invoking command in '/home/ju/team2/gong_ws/build/project2_interfaces': CMAKE_PREFIX_PATH=${CMAKE_PREFIX_PATH}:/home/ju/kong_manipulator2026/open_manipulator_ws/install/open_manipulator_teleop:/home/ju/kong_manipulator2026/open_manipulator_ws/install/open_manipulator_bringup:/home/ju/kong_manipulator2026/kong_ws/install/kong_basic:/home/ju/kong_manipulator2026/kong_ws/install/tf2_basic:/home/ju/kong_manipulator2026/kong_ws/install/pcb_quality_control:/home/ju/kong_manipulator2026/kong_ws/install/camera_opencv:/opt/ros/jazzy /usr/bin/cmake --install /home/ju/team2/gong_ws/build/project2_interfaces
[0.406s] -- Install configuration: ""
[0.407s] -- Execute custom install script
[0.407s] -- Up-to-date symlink: /home/ju/team2/gong_ws/install/project2_interfaces/share/ament_index/resource_index/rosidl_interfaces/project2_interfaces
[0.408s] -- Up-to-date symlink: /home/ju/team2/gong_ws/install/project2_interfaces/share/project2_interfaces/action/PlacePiece.json
[0.409s] -- Up-to-date symlink: /home/ju/team2/gong_ws/install/project2_interfaces/include/project2_interfaces/project2_interfaces/action/detail/place_piece__functions.h
[0.410s] -- Up-to-date symlink: /home/ju/team2/gong_ws/install/project2_interfaces/include/project2_interfaces/project2_interfaces/action/detail/place_piece__struct.h
[0.410s] -- Up-to-date symlink: /home/ju/team2/gong_ws/install/project2_interfaces/include/project2_interfaces/project2_interfaces/action/detail/place_piece__type_support.h
[0.411s] -- Up-to-date symlink: /home/ju/team2/gong_ws/install/project2_interfaces/include/project2_interfaces/project2_interfaces/action/place_piece.h
[0.411s] -- Up-to-date symlink: /home/ju/team2/gong_ws/install/project2_interfaces/include/project2_interfaces/project2_interfaces/msg/rosidl_generator_c__visibility_control.h
[0.412s] -- Up-to-date symlink: /home/ju/team2/gong_ws/install/project2_interfaces/share/project2_interfaces/environment/library_path.sh
[0.412s] -- Up-to-date symlink: /home/ju/team2/gong_ws/install/project2_interfaces/share/project2_interfaces/environment/library_path.dsv
[0.414s] -- Up-to-date symlink: /home/ju/team2/gong_ws/install/project2_interfaces/include/project2_interfaces/project2_interfaces/action/detail/place_piece__rosidl_typesupport_fastrtps_c.h
[0.415s] -- Up-to-date symlink: /home/ju/team2/gong_ws/install/project2_interfaces/include/project2_interfaces/project2_interfaces/msg/rosidl_typesupport_fastrtps_c__visibility_control.h
[0.416s] -- Up-to-date symlink: /home/ju/team2/gong_ws/install/project2_interfaces/include/project2_interfaces/project2_interfaces/action/detail/place_piece__rosidl_typesupport_introspection_c.h
[0.416s] -- Up-to-date symlink: /home/ju/team2/gong_ws/install/project2_interfaces/include/project2_interfaces/project2_interfaces/msg/rosidl_typesupport_introspection_c__visibility_control.h
[0.417s] -- Up-to-date symlink: /home/ju/team2/gong_ws/install/project2_interfaces/include/project2_interfaces/project2_interfaces/action/detail/place_piece__builder.hpp
[0.417s] -- Up-to-date symlink: /home/ju/team2/gong_ws/install/project2_interfaces/include/project2_interfaces/project2_interfaces/action/detail/place_piece__struct.hpp
[0.418s] -- Up-to-date symlink: /home/ju/team2/gong_ws/install/project2_interfaces/include/project2_interfaces/project2_interfaces/action/detail/place_piece__traits.hpp
[0.418s] -- Up-to-date symlink: /home/ju/team2/gong_ws/install/project2_interfaces/include/project2_interfaces/project2_interfaces/action/detail/place_piece__type_support.hpp
[0.418s] -- Up-to-date symlink: /home/ju/team2/gong_ws/install/project2_interfaces/include/project2_interfaces/project2_interfaces/action/place_piece.hpp
[0.419s] -- Up-to-date symlink: /home/ju/team2/gong_ws/install/project2_interfaces/include/project2_interfaces/project2_interfaces/msg/rosidl_generator_cpp__visibility_control.hpp
[0.420s] -- Up-to-date symlink: /home/ju/team2/gong_ws/install/project2_interfaces/include/project2_interfaces/project2_interfaces/action/detail/place_piece__rosidl_typesupport_fastrtps_cpp.hpp
[0.420s] -- Up-to-date symlink: /home/ju/team2/gong_ws/install/project2_interfaces/include/project2_interfaces/project2_interfaces/msg/rosidl_typesupport_fastrtps_cpp__visibility_control.h
[0.421s] -- Up-to-date symlink: /home/ju/team2/gong_ws/install/project2_interfaces/include/project2_interfaces/project2_interfaces/action/detail/place_piece__rosidl_typesupport_introspection_cpp.hpp
[0.421s] -- Up-to-date symlink: /home/ju/team2/gong_ws/install/project2_interfaces/share/project2_interfaces/environment/pythonpath.sh
[0.422s] -- Up-to-date symlink: /home/ju/team2/gong_ws/install/project2_interfaces/share/project2_interfaces/environment/pythonpath.dsv
[0.422s] -- Up-to-date symlink: /home/ju/team2/gong_ws/install/project2_interfaces/lib/python3.12/site-packages/project2_interfaces-0.1.0-py3.12.egg-info/PKG-INFO
[0.422s] -- Up-to-date symlink: /home/ju/team2/gong_ws/install/project2_interfaces/lib/python3.12/site-packages/project2_interfaces-0.1.0-py3.12.egg-info/SOURCES.txt
[0.423s] -- Up-to-date symlink: /home/ju/team2/gong_ws/install/project2_interfaces/lib/python3.12/site-packages/project2_interfaces-0.1.0-py3.12.egg-info/dependency_links.txt
[0.423s] -- Up-to-date symlink: /home/ju/team2/gong_ws/install/project2_interfaces/lib/python3.12/site-packages/project2_interfaces-0.1.0-py3.12.egg-info/top_level.txt
[0.423s] -- Up-to-date symlink: /home/ju/team2/gong_ws/install/project2_interfaces/lib/python3.12/site-packages/project2_interfaces/__init__.py
[0.424s] -- Up-to-date symlink: /home/ju/team2/gong_ws/install/project2_interfaces/lib/python3.12/site-packages/project2_interfaces/_project2_interfaces_s.ep.rosidl_typesupport_c.c
[0.424s] -- Up-to-date symlink: /home/ju/team2/gong_ws/install/project2_interfaces/lib/python3.12/site-packages/project2_interfaces/_project2_interfaces_s.ep.rosidl_typesupport_fastrtps_c.c
[0.424s] -- Up-to-date symlink: /home/ju/team2/gong_ws/install/project2_interfaces/lib/python3.12/site-packages/project2_interfaces/_project2_interfaces_s.ep.rosidl_typesupport_introspection_c.c
[0.425s] -- Up-to-date symlink: /home/ju/team2/gong_ws/install/project2_interfaces/lib/python3.12/site-packages/project2_interfaces/action/__init__.py
[0.425s] -- Up-to-date symlink: /home/ju/team2/gong_ws/install/project2_interfaces/lib/python3.12/site-packages/project2_interfaces/action/_place_piece.py
[0.425s] -- Up-to-date symlink: /home/ju/team2/gong_ws/install/project2_interfaces/lib/python3.12/site-packages/project2_interfaces/action/_place_piece_s.c
[0.426s] -- Up-to-date symlink: /home/ju/team2/gong_ws/install/project2_interfaces/lib/python3.12/site-packages/project2_interfaces/project2_interfaces_s__rosidl_typesupport_c.so
[0.426s] -- Up-to-date symlink: /home/ju/team2/gong_ws/install/project2_interfaces/lib/python3.12/site-packages/project2_interfaces/project2_interfaces_s__rosidl_typesupport_fastrtps_c.so
[0.426s] -- Up-to-date symlink: /home/ju/team2/gong_ws/install/project2_interfaces/lib/python3.12/site-packages/project2_interfaces/project2_interfaces_s__rosidl_typesupport_introspection_c.so
[0.427s] -- Up-to-date symlink: /home/ju/team2/gong_ws/install/project2_interfaces/lib/python3.12/site-packages/project2_interfaces/project2_interfaces_s__rosidl_typesupport_fastrtps_c.so
[0.427s] -- Up-to-date symlink: /home/ju/team2/gong_ws/install/project2_interfaces/lib/python3.12/site-packages/project2_interfaces/project2_interfaces_s__rosidl_typesupport_introspection_c.so
[0.428s] -- Up-to-date symlink: /home/ju/team2/gong_ws/install/project2_interfaces/lib/python3.12/site-packages/project2_interfaces/project2_interfaces_s__rosidl_typesupport_c.so
[0.428s] -- Up-to-date symlink: /home/ju/team2/gong_ws/install/project2_interfaces/share/ament_index/resource_index/rust_packages/project2_interfaces
[0.429s] -- Up-to-date symlink: /home/ju/team2/gong_ws/install/project2_interfaces/share/project2_interfaces/rust/Cargo.toml
[0.430s] -- Up-to-date symlink: /home/ju/team2/gong_ws/install/project2_interfaces/share/project2_interfaces/rust/build.rs
[0.430s] -- Up-to-date symlink: /home/ju/team2/gong_ws/install/project2_interfaces/share/project2_interfaces/rust/src/action.rs
[0.430s] -- Up-to-date symlink: /home/ju/team2/gong_ws/install/project2_interfaces/share/project2_interfaces/rust/src/action/rmw.rs
[0.431s] -- Up-to-date symlink: /home/ju/team2/gong_ws/install/project2_interfaces/share/project2_interfaces/rust/src/lib.rs
[0.431s] -- Up-to-date symlink: /home/ju/team2/gong_ws/install/project2_interfaces/share/project2_interfaces/action/PlacePiece.idl
[0.431s] -- Up-to-date symlink: /home/ju/team2/gong_ws/install/project2_interfaces/share/project2_interfaces/action/PlacePiece.action
[0.432s] -- Up-to-date symlink: /home/ju/team2/gong_ws/install/project2_interfaces/share/ament_index/resource_index/package_run_dependencies/project2_interfaces
[0.432s] -- Up-to-date symlink: /home/ju/team2/gong_ws/install/project2_interfaces/share/ament_index/resource_index/parent_prefix_path/project2_interfaces
[0.433s] -- Up-to-date symlink: /home/ju/team2/gong_ws/install/project2_interfaces/share/project2_interfaces/environment/ament_prefix_path.sh
[0.433s] -- Up-to-date symlink: /home/ju/team2/gong_ws/install/project2_interfaces/share/project2_interfaces/environment/ament_prefix_path.dsv
[0.433s] -- Up-to-date symlink: /home/ju/team2/gong_ws/install/project2_interfaces/share/project2_interfaces/environment/path.sh
[0.433s] -- Up-to-date symlink: /home/ju/team2/gong_ws/install/project2_interfaces/share/project2_interfaces/environment/path.dsv
[0.434s] -- Up-to-date symlink: /home/ju/team2/gong_ws/install/project2_interfaces/share/project2_interfaces/local_setup.bash
[0.434s] -- Up-to-date symlink: /home/ju/team2/gong_ws/install/project2_interfaces/share/project2_interfaces/local_setup.sh
[0.434s] -- Up-to-date symlink: /home/ju/team2/gong_ws/install/project2_interfaces/share/project2_interfaces/local_setup.zsh
[0.435s] -- Up-to-date symlink: /home/ju/team2/gong_ws/install/project2_interfaces/share/project2_interfaces/local_setup.dsv
[0.435s] -- Symlinking: /home/ju/team2/gong_ws/install/project2_interfaces/share/project2_interfaces/package.dsv
[0.443s] -- Up-to-date symlink: /home/ju/team2/gong_ws/install/project2_interfaces/share/ament_index/resource_index/packages/project2_interfaces
[0.443s] -- Up-to-date symlink: /home/ju/team2/gong_ws/install/project2_interfaces/share/project2_interfaces/cmake/rosidl_cmake-extras.cmake
[0.443s] -- Up-to-date symlink: /home/ju/team2/gong_ws/install/project2_interfaces/share/project2_interfaces/cmake/ament_cmake_export_dependencies-extras.cmake
[0.444s] -- Up-to-date symlink: /home/ju/team2/gong_ws/install/project2_interfaces/share/project2_interfaces/cmake/ament_cmake_export_include_directories-extras.cmake
[0.444s] -- Up-to-date symlink: /home/ju/team2/gong_ws/install/project2_interfaces/share/project2_interfaces/cmake/ament_cmake_export_libraries-extras.cmake
[0.444s] -- Up-to-date symlink: /home/ju/team2/gong_ws/install/project2_interfaces/share/project2_interfaces/cmake/ament_cmake_export_targets-extras.cmake
[0.444s] -- Up-to-date symlink: /home/ju/team2/gong_ws/install/project2_interfaces/share/project2_interfaces/cmake/rosidl_cmake_export_typesupport_targets-extras.cmake
[0.445s] -- Up-to-date symlink: /home/ju/team2/gong_ws/install/project2_interfaces/share/project2_interfaces/cmake/rosidl_cmake_export_typesupport_libraries-extras.cmake
[0.445s] -- Up-to-date symlink: /home/ju/team2/gong_ws/install/project2_interfaces/share/project2_interfaces/cmake/rosidl_cmake_aggregate_target-extras.cmake
[0.445s] -- Up-to-date symlink: /home/ju/team2/gong_ws/install/project2_interfaces/share/project2_interfaces/cmake/project2_interfacesConfig.cmake
[0.446s] -- Up-to-date symlink: /home/ju/team2/gong_ws/install/project2_interfaces/share/project2_interfaces/cmake/project2_interfacesConfig-version.cmake
[0.446s] -- Up-to-date symlink: /home/ju/team2/gong_ws/install/project2_interfaces/share/project2_interfaces/package.xml
[0.446s] -- Up-to-date: /home/ju/team2/gong_ws/install/project2_interfaces/lib/libproject2_interfaces__rosidl_generator_c.so
[0.447s] -- Up-to-date: /home/ju/team2/gong_ws/install/project2_interfaces/lib/libproject2_interfaces__rosidl_typesupport_fastrtps_c.so
[0.448s] -- Up-to-date: /home/ju/team2/gong_ws/install/project2_interfaces/lib/libproject2_interfaces__rosidl_typesupport_introspection_c.so
[0.449s] -- Up-to-date: /home/ju/team2/gong_ws/install/project2_interfaces/lib/libproject2_interfaces__rosidl_typesupport_c.so
[0.450s] -- Up-to-date: /home/ju/team2/gong_ws/install/project2_interfaces/lib/libproject2_interfaces__rosidl_typesupport_fastrtps_cpp.so
[0.450s] -- Up-to-date: /home/ju/team2/gong_ws/install/project2_interfaces/lib/libproject2_interfaces__rosidl_typesupport_introspection_cpp.so
[0.451s] -- Up-to-date: /home/ju/team2/gong_ws/install/project2_interfaces/lib/libproject2_interfaces__rosidl_typesupport_cpp.so
[0.482s] Listing '/home/ju/team2/gong_ws/install/project2_interfaces/lib/python3.12/site-packages/project2_interfaces'...
[0.482s] Listing '/home/ju/team2/gong_ws/install/project2_interfaces/lib/python3.12/site-packages/project2_interfaces/action'...
[0.487s] -- Up-to-date: /home/ju/team2/gong_ws/install/project2_interfaces/lib/libproject2_interfaces__rosidl_generator_py.so
[0.487s] -- Up-to-date: /home/ju/team2/gong_ws/install/project2_interfaces/share/project2_interfaces/cmake/export_project2_interfaces__rosidl_generator_cExport.cmake
[0.488s] -- Up-to-date: /home/ju/team2/gong_ws/install/project2_interfaces/share/project2_interfaces/cmake/export_project2_interfaces__rosidl_generator_cExport-noconfig.cmake
[0.488s] -- Up-to-date: /home/ju/team2/gong_ws/install/project2_interfaces/share/project2_interfaces/cmake/export_project2_interfaces__rosidl_typesupport_fastrtps_cExport.cmake
[0.488s] -- Up-to-date: /home/ju/team2/gong_ws/install/project2_interfaces/share/project2_interfaces/cmake/export_project2_interfaces__rosidl_typesupport_fastrtps_cExport-noconfig.cmake
[0.489s] -- Up-to-date: /home/ju/team2/gong_ws/install/project2_interfaces/share/project2_interfaces/cmake/project2_interfaces__rosidl_typesupport_introspection_cExport.cmake
[0.489s] -- Up-to-date: /home/ju/team2/gong_ws/install/project2_interfaces/share/project2_interfaces/cmake/project2_interfaces__rosidl_typesupport_introspection_cExport-noconfig.cmake
[0.490s] -- Up-to-date: /home/ju/team2/gong_ws/install/project2_interfaces/share/project2_interfaces/cmake/project2_interfaces__rosidl_typesupport_cExport.cmake
[0.490s] -- Up-to-date: /home/ju/team2/gong_ws/install/project2_interfaces/share/project2_interfaces/cmake/project2_interfaces__rosidl_typesupport_cExport-noconfig.cmake
[0.490s] -- Up-to-date: /home/ju/team2/gong_ws/install/project2_interfaces/share/project2_interfaces/cmake/export_project2_interfaces__rosidl_generator_cppExport.cmake
[0.491s] -- Up-to-date: /home/ju/team2/gong_ws/install/project2_interfaces/share/project2_interfaces/cmake/export_project2_interfaces__rosidl_typesupport_fastrtps_cppExport.cmake
[0.491s] -- Up-to-date: /home/ju/team2/gong_ws/install/project2_interfaces/share/project2_interfaces/cmake/export_project2_interfaces__rosidl_typesupport_fastrtps_cppExport-noconfig.cmake
[0.492s] -- Up-to-date: /home/ju/team2/gong_ws/install/project2_interfaces/share/project2_interfaces/cmake/project2_interfaces__rosidl_typesupport_introspection_cppExport.cmake
[0.492s] -- Up-to-date: /home/ju/team2/gong_ws/install/project2_interfaces/share/project2_interfaces/cmake/project2_interfaces__rosidl_typesupport_introspection_cppExport-noconfig.cmake
[0.493s] -- Up-to-date: /home/ju/team2/gong_ws/install/project2_interfaces/share/project2_interfaces/cmake/project2_interfaces__rosidl_typesupport_cppExport.cmake
[0.493s] -- Up-to-date: /home/ju/team2/gong_ws/install/project2_interfaces/share/project2_interfaces/cmake/project2_interfaces__rosidl_typesupport_cppExport-noconfig.cmake
[0.494s] -- Up-to-date: /home/ju/team2/gong_ws/install/project2_interfaces/share/project2_interfaces/cmake/export_project2_interfaces__rosidl_generator_pyExport.cmake
[0.494s] -- Up-to-date: /home/ju/team2/gong_ws/install/project2_interfaces/share/project2_interfaces/cmake/export_project2_interfaces__rosidl_generator_pyExport-noconfig.cmake
[0.497s] Invoked command in '/home/ju/team2/gong_ws/build/project2_interfaces' returned '0': CMAKE_PREFIX_PATH=${CMAKE_PREFIX_PATH}:/home/ju/kong_manipulator2026/open_manipulator_ws/install/open_manipulator_teleop:/home/ju/kong_manipulator2026/open_manipulator_ws/install/open_manipulator_bringup:/home/ju/kong_manipulator2026/kong_ws/install/kong_basic:/home/ju/kong_manipulator2026/kong_ws/install/tf2_basic:/home/ju/kong_manipulator2026/kong_ws/install/pcb_quality_control:/home/ju/kong_manipulator2026/kong_ws/install/camera_opencv:/opt/ros/jazzy /usr/bin/cmake --install /home/ju/team2/gong_ws/build/project2_interfaces
