[1.405s] Invoking command in '/home/ju/team2/gong_ws/build/project2': AMENT_PREFIX_PATH=/home/ju/team2/gong_ws/install/project2_interfaces:${AMENT_PREFIX_PATH} CMAKE_PREFIX_PATH=/home/ju/team2/gong_ws/install/project2_interfaces:${CMAKE_PREFIX_PATH} LD_LIBRARY_PATH=/home/ju/team2/gong_ws/install/project2_interfaces/lib:${LD_LIBRARY_PATH} PYTHONPATH=/home/ju/team2/gong_ws/build/project2/prefix_override:/usr/lib/python3/dist-packages/colcon_core/task/python/colcon_distutils_commands:/home/ju/team2/gong_ws/install/project2/lib/python3.12/site-packages:/home/ju/team2/gong_ws/install/project2_interfaces/lib/python3.12/site-packages:${PYTHONPATH} /usr/bin/python3 -W ignore:setup.py install is deprecated -W ignore:easy_install command is deprecated setup.py develop --editable --build-directory /home/ju/team2/gong_ws/build/project2/build --no-deps symlink_data
[1.621s] running develop
[1.751s] running egg_info
[1.764s] writing project2.egg-info/PKG-INFO
[1.764s] writing dependency_links to project2.egg-info/dependency_links.txt
[1.764s] writing entry points to project2.egg-info/entry_points.txt
[1.765s] writing requirements to project2.egg-info/requires.txt
[1.765s] writing top-level names to project2.egg-info/top_level.txt
[1.789s] reading manifest file 'project2.egg-info/SOURCES.txt'
[1.791s] writing manifest file 'project2.egg-info/SOURCES.txt'
[1.806s] running build_ext
[1.806s] Creating /home/ju/team2/gong_ws/install/project2/lib/python3.12/site-packages/project2.egg-link (link to .)
[1.807s] Installing aruco_tf_publisher script to /home/ju/team2/gong_ws/install/project2/lib/project2
[1.807s] Installing multi_aruco_tf_sub script to /home/ju/team2/gong_ws/install/project2/lib/project2
[1.807s] Installing pick_place_controller script to /home/ju/team2/gong_ws/install/project2/lib/project2
[1.807s] Installing tic_tac_toe_referee script to /home/ju/team2/gong_ws/install/project2/lib/project2
[1.807s] 
[1.807s] Installed /home/ju/team2/gong_ws/build/project2
[1.807s] running symlink_data
[1.834s] Invoked command in '/home/ju/team2/gong_ws/build/project2' returned '0': AMENT_PREFIX_PATH=/home/ju/team2/gong_ws/install/project2_interfaces:${AMENT_PREFIX_PATH} CMAKE_PREFIX_PATH=/home/ju/team2/gong_ws/install/project2_interfaces:${CMAKE_PREFIX_PATH} LD_LIBRARY_PATH=/home/ju/team2/gong_ws/install/project2_interfaces/lib:${LD_LIBRARY_PATH} PYTHONPATH=/home/ju/team2/gong_ws/build/project2/prefix_override:/usr/lib/python3/dist-packages/colcon_core/task/python/colcon_distutils_commands:/home/ju/team2/gong_ws/install/project2/lib/python3.12/site-packages:/home/ju/team2/gong_ws/install/project2_interfaces/lib/python3.12/site-packages:${PYTHONPATH} /usr/bin/python3 -W ignore:setup.py install is deprecated -W ignore:easy_install command is deprecated setup.py develop --editable --build-directory /home/ju/team2/gong_ws/build/project2/build --no-deps symlink_data
