[0.161s] DEBUG:colcon:Command line arguments: ['/usr/bin/colcon', 'build', '--symlink-install', '--packages-select', 'project2_interfaces', 'project2']
[0.161s] DEBUG:colcon:Parsed command line arguments: Namespace(log_base=None, log_level=None, verb_name='build', build_base='build', install_base='install', merge_install=False, symlink_install=True, test_result_base=None, continue_on_error=False, executor='parallel', parallel_workers=14, event_handlers=None, ignore_user_meta=False, metas=['./colcon.meta'], base_paths=['.'], packages_ignore=None, packages_ignore_regex=None, paths=None, packages_up_to=None, packages_up_to_regex=None, packages_above=None, packages_above_and_dependencies=None, packages_above_depth=None, packages_select_by_dep=None, packages_skip_by_dep=None, packages_skip_up_to=None, packages_select_build_failed=False, packages_skip_build_finished=False, packages_select_test_failures=False, packages_skip_test_passed=False, packages_select=['project2_interfaces', 'project2'], packages_skip=None, packages_select_regex=None, packages_skip_regex=None, packages_start=None, packages_end=None, allow_overriding=[], cmake_args=None, cmake_target=None, cmake_target_skip_unavailable=False, cmake_clean_cache=False, cmake_clean_first=False, cmake_force_configure=False, ament_cmake_args=None, catkin_cmake_args=None, catkin_skip_building_tests=False, mixin_files=None, mixin=None, verb_parser=<colcon_mixin.mixin.mixin_argument.MixinArgumentDecorator object at 0x716e5d8b1880>, verb_extension=<colcon_core.verb.build.BuildVerb object at 0x716e5d8b0b90>, main=<bound method BuildVerb.main of <colcon_core.verb.build.BuildVerb object at 0x716e5d8b0b90>>, mixin_verb=('build',))
[0.231s] Level 1:colcon.colcon_core.package_discovery:discover_packages(colcon_meta) check parameters
[0.231s] Level 1:colcon.colcon_core.package_discovery:discover_packages(recursive) check parameters
[0.231s] Level 1:colcon.colcon_core.package_discovery:discover_packages(ignore) check parameters
[0.231s] Level 1:colcon.colcon_core.package_discovery:discover_packages(path) check parameters
[0.231s] Level 1:colcon.colcon_core.package_discovery:discover_packages(colcon_meta) discover
[0.231s] Level 1:colcon.colcon_core.package_discovery:discover_packages(recursive) discover
[0.231s] INFO:colcon.colcon_core.package_discovery:Crawling recursively for packages in '/home/ju/team2/gong_ws'
[0.231s] Level 1:colcon.colcon_core.package_identification:_identify(.) by extensions ['ignore', 'ignore_ament_install']
[0.231s] Level 1:colcon.colcon_core.package_identification:_identify(.) by extension 'ignore'
[0.231s] Level 1:colcon.colcon_core.package_identification:_identify(.) by extension 'ignore_ament_install'
[0.232s] Level 1:colcon.colcon_core.package_identification:_identify(.) by extensions ['colcon_pkg']
[0.232s] Level 1:colcon.colcon_core.package_identification:_identify(.) by extension 'colcon_pkg'
[0.232s] Level 1:colcon.colcon_core.package_identification:_identify(.) by extensions ['colcon_meta']
[0.232s] Level 1:colcon.colcon_core.package_identification:_identify(.) by extension 'colcon_meta'
[0.232s] Level 1:colcon.colcon_core.package_identification:_identify(.) by extensions ['ros']
[0.232s] Level 1:colcon.colcon_core.package_identification:_identify(.) by extension 'ros'
[0.262s] Level 1:colcon.colcon_core.package_identification:_identify(.) by extensions ['cmake', 'python']
[0.262s] Level 1:colcon.colcon_core.package_identification:_identify(.) by extension 'cmake'
[0.262s] Level 1:colcon.colcon_core.package_identification:_identify(.) by extension 'python'
[0.262s] Level 1:colcon.colcon_core.package_identification:_identify(.) by extensions ['python_setup_py']
[0.262s] Level 1:colcon.colcon_core.package_identification:_identify(.) by extension 'python_setup_py'
[0.262s] Level 1:colcon.colcon_core.package_identification:_identify(build) by extensions ['ignore', 'ignore_ament_install']
[0.262s] Level 1:colcon.colcon_core.package_identification:_identify(build) by extension 'ignore'
[0.263s] Level 1:colcon.colcon_core.package_identification:_identify(build) ignored
[0.263s] Level 1:colcon.colcon_core.package_identification:_identify(install) by extensions ['ignore', 'ignore_ament_install']
[0.263s] Level 1:colcon.colcon_core.package_identification:_identify(install) by extension 'ignore'
[0.263s] Level 1:colcon.colcon_core.package_identification:_identify(install) ignored
[0.263s] Level 1:colcon.colcon_core.package_identification:_identify(log) by extensions ['ignore', 'ignore_ament_install']
[0.263s] Level 1:colcon.colcon_core.package_identification:_identify(log) by extension 'ignore'
[0.263s] Level 1:colcon.colcon_core.package_identification:_identify(log) ignored
[0.263s] Level 1:colcon.colcon_core.package_identification:_identify(src) by extensions ['ignore', 'ignore_ament_install']
[0.263s] Level 1:colcon.colcon_core.package_identification:_identify(src) by extension 'ignore'
[0.263s] Level 1:colcon.colcon_core.package_identification:_identify(src) by extension 'ignore_ament_install'
[0.263s] Level 1:colcon.colcon_core.package_identification:_identify(src) by extensions ['colcon_pkg']
[0.263s] Level 1:colcon.colcon_core.package_identification:_identify(src) by extension 'colcon_pkg'
[0.263s] Level 1:colcon.colcon_core.package_identification:_identify(src) by extensions ['colcon_meta']
[0.263s] Level 1:colcon.colcon_core.package_identification:_identify(src) by extension 'colcon_meta'
[0.263s] Level 1:colcon.colcon_core.package_identification:_identify(src) by extensions ['ros']
[0.264s] Level 1:colcon.colcon_core.package_identification:_identify(src) by extension 'ros'
[0.264s] Level 1:colcon.colcon_core.package_identification:_identify(src) by extensions ['cmake', 'python']
[0.264s] Level 1:colcon.colcon_core.package_identification:_identify(src) by extension 'cmake'
[0.264s] Level 1:colcon.colcon_core.package_identification:_identify(src) by extension 'python'
[0.264s] Level 1:colcon.colcon_core.package_identification:_identify(src) by extensions ['python_setup_py']
[0.264s] Level 1:colcon.colcon_core.package_identification:_identify(src) by extension 'python_setup_py'
[0.264s] Level 1:colcon.colcon_core.package_identification:_identify(src/project2) by extensions ['ignore', 'ignore_ament_install']
[0.264s] Level 1:colcon.colcon_core.package_identification:_identify(src/project2) by extension 'ignore'
[0.264s] Level 1:colcon.colcon_core.package_identification:_identify(src/project2) by extension 'ignore_ament_install'
[0.264s] Level 1:colcon.colcon_core.package_identification:_identify(src/project2) by extensions ['colcon_pkg']
[0.264s] Level 1:colcon.colcon_core.package_identification:_identify(src/project2) by extension 'colcon_pkg'
[0.264s] Level 1:colcon.colcon_core.package_identification:_identify(src/project2) by extensions ['colcon_meta']
[0.264s] Level 1:colcon.colcon_core.package_identification:_identify(src/project2) by extension 'colcon_meta'
[0.264s] Level 1:colcon.colcon_core.package_identification:_identify(src/project2) by extensions ['ros']
[0.264s] Level 1:colcon.colcon_core.package_identification:_identify(src/project2) by extension 'ros'
[0.267s] DEBUG:colcon.colcon_core.package_identification:Package 'src/project2' with type 'ros.ament_python' and name 'project2'
[0.267s] Level 1:colcon.colcon_core.package_identification:_identify(src/project2_interfaces) by extensions ['ignore', 'ignore_ament_install']
[0.267s] Level 1:colcon.colcon_core.package_identification:_identify(src/project2_interfaces) by extension 'ignore'
[0.267s] Level 1:colcon.colcon_core.package_identification:_identify(src/project2_interfaces) by extension 'ignore_ament_install'
[0.267s] Level 1:colcon.colcon_core.package_identification:_identify(src/project2_interfaces) by extensions ['colcon_pkg']
[0.267s] Level 1:colcon.colcon_core.package_identification:_identify(src/project2_interfaces) by extension 'colcon_pkg'
[0.267s] Level 1:colcon.colcon_core.package_identification:_identify(src/project2_interfaces) by extensions ['colcon_meta']
[0.268s] Level 1:colcon.colcon_core.package_identification:_identify(src/project2_interfaces) by extension 'colcon_meta'
[0.268s] Level 1:colcon.colcon_core.package_identification:_identify(src/project2_interfaces) by extensions ['ros']
[0.268s] Level 1:colcon.colcon_core.package_identification:_identify(src/project2_interfaces) by extension 'ros'
[0.268s] DEBUG:colcon.colcon_core.package_identification:Package 'src/project2_interfaces' with type 'ros.ament_cmake' and name 'project2_interfaces'
[0.268s] Level 1:colcon.colcon_core.package_discovery:discover_packages(recursive) using defaults
[0.268s] Level 1:colcon.colcon_core.package_discovery:discover_packages(ignore) discover
[0.268s] Level 1:colcon.colcon_core.package_discovery:discover_packages(ignore) using defaults
[0.268s] Level 1:colcon.colcon_core.package_discovery:discover_packages(path) discover
[0.268s] Level 1:colcon.colcon_core.package_discovery:discover_packages(path) using defaults
[0.291s] Level 1:colcon.colcon_core.package_discovery:discover_packages(prefix_path) check parameters
[0.291s] Level 1:colcon.colcon_core.package_discovery:discover_packages(prefix_path) discover
[0.299s] DEBUG:colcon.colcon_installed_package_information.package_discovery:Found 17 installed packages in /home/ju/kong_manipulator2026/open_manipulator_ws/install
[0.300s] DEBUG:colcon.colcon_installed_package_information.package_discovery:Found 6 installed packages in /home/ju/kong_manipulator2026/kong_ws/install
[0.301s] DEBUG:colcon.colcon_installed_package_information.package_discovery:Found 420 installed packages in /opt/ros/jazzy
[0.303s] Level 1:colcon.colcon_core.package_discovery:discover_packages(prefix_path) using defaults
[0.349s] Level 5:colcon.colcon_core.verb:set package 'project2_interfaces' build argument 'cmake_args' from command line to 'None'
[0.349s] Level 5:colcon.colcon_core.verb:set package 'project2_interfaces' build argument 'cmake_target' from command line to 'None'
[0.349s] Level 5:colcon.colcon_core.verb:set package 'project2_interfaces' build argument 'cmake_target_skip_unavailable' from command line to 'False'
[0.349s] Level 5:colcon.colcon_core.verb:set package 'project2_interfaces' build argument 'cmake_clean_cache' from command line to 'False'
[0.349s] Level 5:colcon.colcon_core.verb:set package 'project2_interfaces' build argument 'cmake_clean_first' from command line to 'False'
[0.349s] Level 5:colcon.colcon_core.verb:set package 'project2_interfaces' build argument 'cmake_force_configure' from command line to 'False'
[0.349s] Level 5:colcon.colcon_core.verb:set package 'project2_interfaces' build argument 'ament_cmake_args' from command line to 'None'
[0.349s] Level 5:colcon.colcon_core.verb:set package 'project2_interfaces' build argument 'catkin_cmake_args' from command line to 'None'
[0.349s] Level 5:colcon.colcon_core.verb:set package 'project2_interfaces' build argument 'catkin_skip_building_tests' from command line to 'False'
[0.349s] DEBUG:colcon.colcon_core.verb:Building package 'project2_interfaces' with the following arguments: {'ament_cmake_args': None, 'build_base': '/home/ju/team2/gong_ws/build/project2_interfaces', 'catkin_cmake_args': None, 'catkin_skip_building_tests': False, 'cmake_args': None, 'cmake_clean_cache': False, 'cmake_clean_first': False, 'cmake_force_configure': False, 'cmake_target': None, 'cmake_target_skip_unavailable': False, 'install_base': '/home/ju/team2/gong_ws/install/project2_interfaces', 'merge_install': False, 'path': '/home/ju/team2/gong_ws/src/project2_interfaces', 'symlink_install': True, 'test_result_base': None}
[0.349s] Level 5:colcon.colcon_core.verb:set package 'project2' build argument 'cmake_args' from command line to 'None'
[0.349s] Level 5:colcon.colcon_core.verb:set package 'project2' build argument 'cmake_target' from command line to 'None'
[0.349s] Level 5:colcon.colcon_core.verb:set package 'project2' build argument 'cmake_target_skip_unavailable' from command line to 'False'
[0.349s] Level 5:colcon.colcon_core.verb:set package 'project2' build argument 'cmake_clean_cache' from command line to 'False'
[0.349s] Level 5:colcon.colcon_core.verb:set package 'project2' build argument 'cmake_clean_first' from command line to 'False'
[0.349s] Level 5:colcon.colcon_core.verb:set package 'project2' build argument 'cmake_force_configure' from command line to 'False'
[0.349s] Level 5:colcon.colcon_core.verb:set package 'project2' build argument 'ament_cmake_args' from command line to 'None'
[0.349s] Level 5:colcon.colcon_core.verb:set package 'project2' build argument 'catkin_cmake_args' from command line to 'None'
[0.349s] Level 5:colcon.colcon_core.verb:set package 'project2' build argument 'catkin_skip_building_tests' from command line to 'False'
[0.349s] DEBUG:colcon.colcon_core.verb:Building package 'project2' with the following arguments: {'ament_cmake_args': None, 'build_base': '/home/ju/team2/gong_ws/build/project2', 'catkin_cmake_args': None, 'catkin_skip_building_tests': False, 'cmake_args': None, 'cmake_clean_cache': False, 'cmake_clean_first': False, 'cmake_force_configure': False, 'cmake_target': None, 'cmake_target_skip_unavailable': False, 'install_base': '/home/ju/team2/gong_ws/install/project2', 'merge_install': False, 'path': '/home/ju/team2/gong_ws/src/project2', 'symlink_install': True, 'test_result_base': None}
[0.350s] INFO:colcon.colcon_core.executor:Executing jobs using 'parallel' executor
[0.351s] DEBUG:colcon.colcon_parallel_executor.executor.parallel:run_until_complete
[0.351s] INFO:colcon.colcon_ros.task.ament_cmake.build:Building ROS package in '/home/ju/team2/gong_ws/src/project2_interfaces' with build type 'ament_cmake'
[0.351s] INFO:colcon.colcon_cmake.task.cmake.build:Building CMake package in '/home/ju/team2/gong_ws/src/project2_interfaces'
[0.356s] INFO:colcon.colcon_core.plugin_system:Skipping extension 'colcon_core.shell.bat': Not used on non-Windows systems
[0.356s] INFO:colcon.colcon_core.shell:Skip shell extension 'powershell' for command environment: Not usable outside of PowerShell
[0.356s] DEBUG:colcon.colcon_core.shell:Skip shell extension 'dsv' for command environment
[0.367s] DEBUG:colcon.colcon_core.event_handler.log_command:Invoking command in '/home/ju/team2/gong_ws/build/project2_interfaces': CMAKE_PREFIX_PATH=${CMAKE_PREFIX_PATH}:/home/ju/kong_manipulator2026/open_manipulator_ws/install/open_manipulator_teleop:/home/ju/kong_manipulator2026/open_manipulator_ws/install/open_manipulator_bringup:/home/ju/kong_manipulator2026/kong_ws/install/kong_basic:/home/ju/kong_manipulator2026/kong_ws/install/tf2_basic:/home/ju/kong_manipulator2026/kong_ws/install/pcb_quality_control:/home/ju/kong_manipulator2026/kong_ws/install/camera_opencv:/opt/ros/jazzy /usr/bin/cmake --build /home/ju/team2/gong_ws/build/project2_interfaces -- -j14 -l14
[0.742s] DEBUG:colcon.colcon_core.event_handler.log_command:Invoked command in '/home/ju/team2/gong_ws/build/project2_interfaces' returned '0': CMAKE_PREFIX_PATH=${CMAKE_PREFIX_PATH}:/home/ju/kong_manipulator2026/open_manipulator_ws/install/open_manipulator_teleop:/home/ju/kong_manipulator2026/open_manipulator_ws/install/open_manipulator_bringup:/home/ju/kong_manipulator2026/kong_ws/install/kong_basic:/home/ju/kong_manipulator2026/kong_ws/install/tf2_basic:/home/ju/kong_manipulator2026/kong_ws/install/pcb_quality_control:/home/ju/kong_manipulator2026/kong_ws/install/camera_opencv:/opt/ros/jazzy /usr/bin/cmake --build /home/ju/team2/gong_ws/build/project2_interfaces -- -j14 -l14
[0.751s] DEBUG:colcon.colcon_core.event_handler.log_command:Invoking command in '/home/ju/team2/gong_ws/build/project2_interfaces': CMAKE_PREFIX_PATH=${CMAKE_PREFIX_PATH}:/home/ju/kong_manipulator2026/open_manipulator_ws/install/open_manipulator_teleop:/home/ju/kong_manipulator2026/open_manipulator_ws/install/open_manipulator_bringup:/home/ju/kong_manipulator2026/kong_ws/install/kong_basic:/home/ju/kong_manipulator2026/kong_ws/install/tf2_basic:/home/ju/kong_manipulator2026/kong_ws/install/pcb_quality_control:/home/ju/kong_manipulator2026/kong_ws/install/camera_opencv:/opt/ros/jazzy /usr/bin/cmake --install /home/ju/team2/gong_ws/build/project2_interfaces
[0.847s] Level 1:colcon.colcon_core.environment:create_environment_scripts_only(project2_interfaces)
[0.848s] DEBUG:colcon.colcon_core.event_handler.log_command:Invoked command in '/home/ju/team2/gong_ws/build/project2_interfaces' returned '0': CMAKE_PREFIX_PATH=${CMAKE_PREFIX_PATH}:/home/ju/kong_manipulator2026/open_manipulator_ws/install/open_manipulator_teleop:/home/ju/kong_manipulator2026/open_manipulator_ws/install/open_manipulator_bringup:/home/ju/kong_manipulator2026/kong_ws/install/kong_basic:/home/ju/kong_manipulator2026/kong_ws/install/tf2_basic:/home/ju/kong_manipulator2026/kong_ws/install/pcb_quality_control:/home/ju/kong_manipulator2026/kong_ws/install/camera_opencv:/opt/ros/jazzy /usr/bin/cmake --install /home/ju/team2/gong_ws/build/project2_interfaces
[0.853s] Level 1:colcon.colcon_core.environment:checking '/home/ju/team2/gong_ws/install/project2_interfaces' for CMake module files
[0.853s] Level 1:colcon.colcon_core.environment:checking '/home/ju/team2/gong_ws/install/project2_interfaces' for CMake config files
[0.857s] Level 1:colcon.colcon_core.shell:create_environment_hook('project2_interfaces', 'cmake_prefix_path')
[0.857s] INFO:colcon.colcon_core.shell:Creating environment hook '/home/ju/team2/gong_ws/install/project2_interfaces/share/project2_interfaces/hook/cmake_prefix_path.ps1'
[0.857s] INFO:colcon.colcon_core.shell:Creating environment descriptor '/home/ju/team2/gong_ws/install/project2_interfaces/share/project2_interfaces/hook/cmake_prefix_path.dsv'
[0.858s] INFO:colcon.colcon_core.shell:Creating environment hook '/home/ju/team2/gong_ws/install/project2_interfaces/share/project2_interfaces/hook/cmake_prefix_path.sh'
[0.859s] Level 1:colcon.colcon_core.environment:checking '/home/ju/team2/gong_ws/install/project2_interfaces/lib'
[0.859s] Level 1:colcon.colcon_core.shell:create_environment_hook('project2_interfaces', 'ld_library_path_lib')
[0.859s] INFO:colcon.colcon_core.shell:Creating environment hook '/home/ju/team2/gong_ws/install/project2_interfaces/share/project2_interfaces/hook/ld_library_path_lib.ps1'
[0.859s] INFO:colcon.colcon_core.shell:Creating environment descriptor '/home/ju/team2/gong_ws/install/project2_interfaces/share/project2_interfaces/hook/ld_library_path_lib.dsv'
[0.859s] INFO:colcon.colcon_core.shell:Creating environment hook '/home/ju/team2/gong_ws/install/project2_interfaces/share/project2_interfaces/hook/ld_library_path_lib.sh'
[0.860s] Level 1:colcon.colcon_core.environment:checking '/home/ju/team2/gong_ws/install/project2_interfaces/bin'
[0.860s] Level 1:colcon.colcon_core.environment:checking '/home/ju/team2/gong_ws/install/project2_interfaces/lib/pkgconfig/project2_interfaces.pc'
[0.860s] Level 1:colcon.colcon_core.environment:checking '/home/ju/team2/gong_ws/install/project2_interfaces/lib/python3.12/site-packages'
[0.860s] Level 1:colcon.colcon_core.shell:create_environment_hook('project2_interfaces', 'pythonpath')
[0.860s] INFO:colcon.colcon_core.shell:Creating environment hook '/home/ju/team2/gong_ws/install/project2_interfaces/share/project2_interfaces/hook/pythonpath.ps1'
[0.860s] INFO:colcon.colcon_core.shell:Creating environment descriptor '/home/ju/team2/gong_ws/install/project2_interfaces/share/project2_interfaces/hook/pythonpath.dsv'
[0.861s] INFO:colcon.colcon_core.shell:Creating environment hook '/home/ju/team2/gong_ws/install/project2_interfaces/share/project2_interfaces/hook/pythonpath.sh'
[0.861s] Level 1:colcon.colcon_core.environment:checking '/home/ju/team2/gong_ws/install/project2_interfaces/bin'
[0.861s] INFO:colcon.colcon_core.shell:Creating package script '/home/ju/team2/gong_ws/install/project2_interfaces/share/project2_interfaces/package.ps1'
[0.862s] INFO:colcon.colcon_core.shell:Creating package descriptor '/home/ju/team2/gong_ws/install/project2_interfaces/share/project2_interfaces/package.dsv'
[0.863s] INFO:colcon.colcon_core.shell:Creating package script '/home/ju/team2/gong_ws/install/project2_interfaces/share/project2_interfaces/package.sh'
[0.864s] INFO:colcon.colcon_core.shell:Creating package script '/home/ju/team2/gong_ws/install/project2_interfaces/share/project2_interfaces/package.bash'
[0.864s] INFO:colcon.colcon_core.shell:Creating package script '/home/ju/team2/gong_ws/install/project2_interfaces/share/project2_interfaces/package.zsh'
[0.865s] Level 1:colcon.colcon_core.environment:create_file_with_runtime_dependencies(/home/ju/team2/gong_ws/install/project2_interfaces/share/colcon-core/packages/project2_interfaces)
[0.866s] Level 1:colcon.colcon_core.environment:create_environment_scripts_only(project2_interfaces)
[0.866s] Level 1:colcon.colcon_core.environment:checking '/home/ju/team2/gong_ws/install/project2_interfaces' for CMake module files
[0.867s] Level 1:colcon.colcon_core.environment:checking '/home/ju/team2/gong_ws/install/project2_interfaces' for CMake config files
[0.868s] Level 1:colcon.colcon_core.shell:create_environment_hook('project2_interfaces', 'cmake_prefix_path')
[0.868s] INFO:colcon.colcon_core.shell:Creating environment hook '/home/ju/team2/gong_ws/install/project2_interfaces/share/project2_interfaces/hook/cmake_prefix_path.ps1'
[0.868s] INFO:colcon.colcon_core.shell:Creating environment descriptor '/home/ju/team2/gong_ws/install/project2_interfaces/share/project2_interfaces/hook/cmake_prefix_path.dsv'
[0.868s] INFO:colcon.colcon_core.shell:Creating environment hook '/home/ju/team2/gong_ws/install/project2_interfaces/share/project2_interfaces/hook/cmake_prefix_path.sh'
[0.869s] Level 1:colcon.colcon_core.environment:checking '/home/ju/team2/gong_ws/install/project2_interfaces/lib'
[0.869s] Level 1:colcon.colcon_core.shell:create_environment_hook('project2_interfaces', 'ld_library_path_lib')
[0.869s] INFO:colcon.colcon_core.shell:Creating environment hook '/home/ju/team2/gong_ws/install/project2_interfaces/share/project2_interfaces/hook/ld_library_path_lib.ps1'
[0.869s] INFO:colcon.colcon_core.shell:Creating environment descriptor '/home/ju/team2/gong_ws/install/project2_interfaces/share/project2_interfaces/hook/ld_library_path_lib.dsv'
[0.869s] INFO:colcon.colcon_core.shell:Creating environment hook '/home/ju/team2/gong_ws/install/project2_interfaces/share/project2_interfaces/hook/ld_library_path_lib.sh'
[0.870s] Level 1:colcon.colcon_core.environment:checking '/home/ju/team2/gong_ws/install/project2_interfaces/bin'
[0.870s] Level 1:colcon.colcon_core.environment:checking '/home/ju/team2/gong_ws/install/project2_interfaces/lib/pkgconfig/project2_interfaces.pc'
[0.870s] Level 1:colcon.colcon_core.environment:checking '/home/ju/team2/gong_ws/install/project2_interfaces/lib/python3.12/site-packages'
[0.870s] Level 1:colcon.colcon_core.shell:create_environment_hook('project2_interfaces', 'pythonpath')
[0.870s] INFO:colcon.colcon_core.shell:Creating environment hook '/home/ju/team2/gong_ws/install/project2_interfaces/share/project2_interfaces/hook/pythonpath.ps1'
[0.870s] INFO:colcon.colcon_core.shell:Creating environment descriptor '/home/ju/team2/gong_ws/install/project2_interfaces/share/project2_interfaces/hook/pythonpath.dsv'
[0.871s] INFO:colcon.colcon_core.shell:Creating environment hook '/home/ju/team2/gong_ws/install/project2_interfaces/share/project2_interfaces/hook/pythonpath.sh'
[0.871s] Level 1:colcon.colcon_core.environment:checking '/home/ju/team2/gong_ws/install/project2_interfaces/bin'
[0.871s] INFO:colcon.colcon_core.shell:Creating package script '/home/ju/team2/gong_ws/install/project2_interfaces/share/project2_interfaces/package.ps1'
[0.872s] INFO:colcon.colcon_core.shell:Creating package descriptor '/home/ju/team2/gong_ws/install/project2_interfaces/share/project2_interfaces/package.dsv'
[0.872s] INFO:colcon.colcon_core.shell:Creating package script '/home/ju/team2/gong_ws/install/project2_interfaces/share/project2_interfaces/package.sh'
[0.872s] INFO:colcon.colcon_core.shell:Creating package script '/home/ju/team2/gong_ws/install/project2_interfaces/share/project2_interfaces/package.bash'
[0.872s] INFO:colcon.colcon_core.shell:Creating package script '/home/ju/team2/gong_ws/install/project2_interfaces/share/project2_interfaces/package.zsh'
[0.873s] Level 1:colcon.colcon_core.environment:create_file_with_runtime_dependencies(/home/ju/team2/gong_ws/install/project2_interfaces/share/colcon-core/packages/project2_interfaces)
[0.873s] INFO:colcon.colcon_ros.task.ament_python.build:Building ROS package in '/home/ju/team2/gong_ws/src/project2' with build type 'ament_python'
[0.873s] Level 1:colcon.colcon_core.shell:create_environment_hook('project2', 'ament_prefix_path')
[0.873s] INFO:colcon.colcon_core.shell:Creating environment hook '/home/ju/team2/gong_ws/install/project2/share/project2/hook/ament_prefix_path.ps1'
[0.874s] INFO:colcon.colcon_core.shell:Creating environment descriptor '/home/ju/team2/gong_ws/install/project2/share/project2/hook/ament_prefix_path.dsv'
[0.874s] INFO:colcon.colcon_core.shell:Creating environment hook '/home/ju/team2/gong_ws/install/project2/share/project2/hook/ament_prefix_path.sh'
[0.875s] INFO:colcon.colcon_core.shell:Skip shell extension 'powershell' for command environment: Not usable outside of PowerShell
[0.875s] DEBUG:colcon.colcon_core.shell:Skip shell extension 'dsv' for command environment
[1.114s] INFO:colcon.colcon_core.task.python.build:Building Python package in '/home/ju/team2/gong_ws/src/project2'
[1.114s] INFO:colcon.colcon_core.shell:Skip shell extension 'powershell' for command environment: Not usable outside of PowerShell
[1.114s] DEBUG:colcon.colcon_core.shell:Skip shell extension 'dsv' for command environment
[2.036s] DEBUG:colcon.colcon_core.task.python.build:Available setuptools commands: easy_install, bdist, install_scripts, bdist_egg, check, build_clib, symlink_data, build_py, bdist_wheel, sdist, register, install_data, editable_wheel, update_catalog, build_scripts, build, upload_docs, alias, extract_messages, build_ext, install, compile_catalog, develop, bdist_rpm, install_egg_info, setopt, saveopts, dist_info, clean, bdist_dumb, upload, test, egg_info, install_headers, install_lib, rotate, init_catalog
[2.275s] DEBUG:colcon.colcon_core.task.python.build:Available setuptools 'develop' options: --install-dir, --site-dirs, --quiet, --uninstall, --prefix, --dry-run, --script-dir, --local-snapshots-ok, --find-links, --help, --no-deps, --index-url, --record, --force-installation-into-system-dir, --user, --verbose, --install-layout, --no-user-cfg, --always-unzip, --upgrade, --no-find-links, --build-directory, --optimize, --version, --allow-hosts, --egg-path, --always-copy, --zip-ok, --editable, --exclude-scripts, --multi-version
[2.279s] DEBUG:colcon.colcon_core.event_handler.log_command:Invoking command in '/home/ju/team2/gong_ws/build/project2': AMENT_PREFIX_PATH=/home/ju/team2/gong_ws/install/project2_interfaces:${AMENT_PREFIX_PATH} CMAKE_PREFIX_PATH=/home/ju/team2/gong_ws/install/project2_interfaces:${CMAKE_PREFIX_PATH} LD_LIBRARY_PATH=/home/ju/team2/gong_ws/install/project2_interfaces/lib:${LD_LIBRARY_PATH} PYTHONPATH=/home/ju/team2/gong_ws/build/project2/prefix_override:/usr/lib/python3/dist-packages/colcon_core/task/python/colcon_distutils_commands:/home/ju/team2/gong_ws/install/project2/lib/python3.12/site-packages:/home/ju/team2/gong_ws/install/project2_interfaces/lib/python3.12/site-packages:${PYTHONPATH} /usr/bin/python3 -W ignore:setup.py install is deprecated -W ignore:easy_install command is deprecated setup.py develop --editable --build-directory /home/ju/team2/gong_ws/build/project2/build --no-deps symlink_data
[2.707s] Level 1:colcon.colcon_core.shell:create_environment_hook('project2', 'pythonpath_develop')
[2.707s] INFO:colcon.colcon_core.shell:Creating environment hook '/home/ju/team2/gong_ws/build/project2/share/project2/hook/pythonpath_develop.ps1'
[2.708s] DEBUG:colcon.colcon_core.event_handler.log_command:Invoked command in '/home/ju/team2/gong_ws/build/project2' returned '0': AMENT_PREFIX_PATH=/home/ju/team2/gong_ws/install/project2_interfaces:${AMENT_PREFIX_PATH} CMAKE_PREFIX_PATH=/home/ju/team2/gong_ws/install/project2_interfaces:${CMAKE_PREFIX_PATH} LD_LIBRARY_PATH=/home/ju/team2/gong_ws/install/project2_interfaces/lib:${LD_LIBRARY_PATH} PYTHONPATH=/home/ju/team2/gong_ws/build/project2/prefix_override:/usr/lib/python3/dist-packages/colcon_core/task/python/colcon_distutils_commands:/home/ju/team2/gong_ws/install/project2/lib/python3.12/site-packages:/home/ju/team2/gong_ws/install/project2_interfaces/lib/python3.12/site-packages:${PYTHONPATH} /usr/bin/python3 -W ignore:setup.py install is deprecated -W ignore:easy_install command is deprecated setup.py develop --editable --build-directory /home/ju/team2/gong_ws/build/project2/build --no-deps symlink_data
[2.708s] INFO:colcon.colcon_core.shell:Creating environment descriptor '/home/ju/team2/gong_ws/build/project2/share/project2/hook/pythonpath_develop.dsv'
[2.709s] INFO:colcon.colcon_core.shell:Creating environment hook '/home/ju/team2/gong_ws/build/project2/share/project2/hook/pythonpath_develop.sh'
[2.709s] Level 1:colcon.colcon_core.environment:checking '/home/ju/team2/gong_ws/install/project2' for CMake module files
[2.709s] Level 1:colcon.colcon_core.environment:checking '/home/ju/team2/gong_ws/install/project2' for CMake config files
[2.711s] Level 1:colcon.colcon_core.environment:checking '/home/ju/team2/gong_ws/install/project2/lib'
[2.711s] Level 1:colcon.colcon_core.environment:checking '/home/ju/team2/gong_ws/install/project2/bin'
[2.711s] Level 1:colcon.colcon_core.environment:checking '/home/ju/team2/gong_ws/install/project2/lib/pkgconfig/project2.pc'
[2.711s] Level 1:colcon.colcon_core.environment:checking '/home/ju/team2/gong_ws/install/project2/lib/python3.12/site-packages'
[2.711s] Level 1:colcon.colcon_core.shell:create_environment_hook('project2', 'pythonpath')
[2.711s] INFO:colcon.colcon_core.shell:Creating environment hook '/home/ju/team2/gong_ws/install/project2/share/project2/hook/pythonpath.ps1'
[2.711s] INFO:colcon.colcon_core.shell:Creating environment descriptor '/home/ju/team2/gong_ws/install/project2/share/project2/hook/pythonpath.dsv'
[2.712s] INFO:colcon.colcon_core.shell:Creating environment hook '/home/ju/team2/gong_ws/install/project2/share/project2/hook/pythonpath.sh'
[2.712s] Level 1:colcon.colcon_core.environment:checking '/home/ju/team2/gong_ws/install/project2/bin'
[2.712s] Level 1:colcon.colcon_core.environment:create_environment_scripts_only(project2)
[2.712s] INFO:colcon.colcon_core.shell:Creating package script '/home/ju/team2/gong_ws/install/project2/share/project2/package.ps1'
[2.713s] INFO:colcon.colcon_core.shell:Creating package descriptor '/home/ju/team2/gong_ws/install/project2/share/project2/package.dsv'
[2.713s] INFO:colcon.colcon_core.shell:Creating package script '/home/ju/team2/gong_ws/install/project2/share/project2/package.sh'
[2.713s] INFO:colcon.colcon_core.shell:Creating package script '/home/ju/team2/gong_ws/install/project2/share/project2/package.bash'
[2.713s] INFO:colcon.colcon_core.shell:Creating package script '/home/ju/team2/gong_ws/install/project2/share/project2/package.zsh'
[2.714s] Level 1:colcon.colcon_core.environment:create_file_with_runtime_dependencies(/home/ju/team2/gong_ws/install/project2/share/colcon-core/packages/project2)
[2.714s] DEBUG:colcon.colcon_parallel_executor.executor.parallel:closing loop
[2.714s] DEBUG:colcon.colcon_parallel_executor.executor.parallel:loop closed
[2.714s] DEBUG:colcon.colcon_parallel_executor.executor.parallel:run_until_complete finished with '0'
[2.714s] DEBUG:colcon.colcon_core.event_reactor:joining thread
[2.733s] INFO:colcon.colcon_core.plugin_system:Skipping extension 'colcon_notification.desktop_notification.notify_send': Could not find 'notify-send'
[2.734s] INFO:colcon.colcon_core.plugin_system:Skipping extension 'colcon_notification.desktop_notification.terminal_notifier': Not used on non-Darwin systems
[2.734s] INFO:colcon.colcon_core.plugin_system:Skipping extension 'colcon_notification.desktop_notification.win32': Not used on non-Windows systems
[2.734s] INFO:colcon.colcon_notification.desktop_notification:Sending desktop notification using 'notify2'
[2.736s] DEBUG:colcon.colcon_notification.desktop_notification.notify2:Failed to initialize notify2: org.freedesktop.DBus.Error.ServiceUnknown: The name org.freedesktop.Notifications was not provided by any .service files
[2.736s] DEBUG:colcon.colcon_core.event_reactor:joined thread
[2.736s] INFO:colcon.colcon_core.shell:Creating prefix script '/home/ju/team2/gong_ws/install/local_setup.ps1'
[2.738s] INFO:colcon.colcon_core.shell:Creating prefix util module '/home/ju/team2/gong_ws/install/_local_setup_util_ps1.py'
[2.739s] INFO:colcon.colcon_core.shell:Creating prefix chain script '/home/ju/team2/gong_ws/install/setup.ps1'
[2.740s] INFO:colcon.colcon_core.shell:Creating prefix script '/home/ju/team2/gong_ws/install/local_setup.sh'
[2.741s] INFO:colcon.colcon_core.shell:Creating prefix util module '/home/ju/team2/gong_ws/install/_local_setup_util_sh.py'
[2.741s] INFO:colcon.colcon_core.shell:Creating prefix chain script '/home/ju/team2/gong_ws/install/setup.sh'
[2.745s] INFO:colcon.colcon_core.shell:Creating prefix script '/home/ju/team2/gong_ws/install/local_setup.bash'
[2.746s] INFO:colcon.colcon_core.shell:Creating prefix chain script '/home/ju/team2/gong_ws/install/setup.bash'
[2.769s] INFO:colcon.colcon_core.shell:Creating prefix script '/home/ju/team2/gong_ws/install/local_setup.zsh'
[2.770s] INFO:colcon.colcon_core.shell:Creating prefix chain script '/home/ju/team2/gong_ws/install/setup.zsh'
